// Jest Snapshot v1, https://goo.gl/fbAQLP

exports[`LinkPageNav component renders a .LinkPageNav by default 1`] = `
<div
  className="LinkPageNav"
>
  <NavCircleButton
    className="LinkPageNav__back-button"
    onClick={[Function]}
    role="link"
    tag="button"
  >
    <FontAwesomeIcon
      border={false}
      className=""
      fixedWidth={false}
      flip={null}
      icon="chevron-left"
      inverse={false}
      listItem={false}
      mask={null}
      pull={null}
      pulse={false}
      rotation={null}
      size={null}
      spin={false}
      symbol={false}
      title=""
      transform={null}
    />
    <br />
    Back
  </NavCircleButton>
</div>
`;

exports[`LinkPageNav component renders a h3 with category name when in props 1`] = `
<h3
  className="LinkPageNav__category-name"
>
  Important
</h3>
`;
