// Jest Snapshot v1, https://goo.gl/fbAQLP

exports[`AddLink component renders the complete form 1`] = `
<section
  className="AddBookmark"
>
  <h2>
    Create a bookmark
  </h2>
  <ClipitForm>
    <div
      className="field"
    >
      <label
        htmlFor="link-name-input"
      >
        Name
      </label>
      <input
        id="bookmark-name-input"
        type="text"
      />
    </div>
    <div
      className="field"
    >
      <label
        htmlFor="bookmark-content-input"
      >
        Content
      </label>
      <textarea
        id="bookmark-content-input"
      />
    </div>
    <div
      className="field"
    >
      <label
        htmlFor="bookmark-category-select"
      >
        Category
      </label>
      <select
        id="bookmark-category-select"
      >
        <option
          value={null}
        >
          ...
        </option>
      </select>
    </div>
    <div
      className="buttons"
    >
      <button
        type="submit"
      >
        Add bookmark
      </button>
    </div>
  </ClipitForm>
</section>
`;

exports[`AddBookmark component renders the select options from categories 1`] = `
<select
  id="bookmark-category-select"
>
  <option
    value={null}
  >
    ...
  </option>
  <option
    key="b0715efe-ffaf-11e8-8eb2-f2801f1b9fd1"
    value="b0715efe-ffaf-11e8-8eb2-f2801f1b9fd1"
  >
    Important
  </option>
  <option
    key="b07161a6-ffaf-11e8-8eb2-f2801f1b9fd1"
    value="b07161a6-ffaf-11e8-8eb2-f2801f1b9fd1"
  >
    Super
  </option>
  <option
    key="b07162f0-ffaf-11e8-8eb2-f2801f1b9fd1"
    value="b07162f0-ffaf-11e8-8eb2-f2801f1b9fd1"
  >
    Spangley
  </option>
</select>
`;
