// Jest Snapshot v1, https://goo.gl/fbAQLP

exports[`AddItemForm component renders the complete form 1`] = `
<section
  className="AddCategory"
>
  <h2>
    Create a category
  </h2>
  <Clip itForm>
    <div
      className="field"
    >
      <label
        htmlFor="category-name-input"
      >
        Name
      </label>
      <input
        id="category-name-input"
        type="text"
      />
    </div>
    <div
      className="buttons"
    >
      <button
        type="submit"
      >
        Add category
      </button>
    </div>
  </Clip it Form>
</section>
`;
