// Jest Snapshot v1, https://goo.gl/fbAQLP

exports[`LinkListNav component renders a .LinkListNav by default 1`] = `
<div
  className="LinkListNav"
>
  <ul
    className="LinkListNav__list"
  />
  <div
    className="LinkListNav__button-wrapper"
  >
    <NavCircleButton
      className="LinkListNav__add-category-button"
      tag={[Function]}
      to="/add-category"
      type="button"
    >
      <FontAwesomeIcon
        border={false}
        className=""
        fixedWidth={false}
        flip={null}
        icon="plus"
        inverse={false}
        listItem={false}
        mask={null}
        pull={null}
        pulse={false}
        rotation={null}
        size={null}
        spin={false}
        symbol={false}
        title=""
        transform={null}
      />
      <br />
      Category
    </NavCircleButton>
  </div>
</div>
`;

exports[`LinkListNav component renders a link in ul for each category in array 1`] = `
<ul
  className="LinkListNav__list"
>
  <li
    key="b0715efe-ffaf-11e8-8eb2-f2801f1b9fd1"
  >
    <NavLink
      activeClassName="active"
      aria-current="page"
      className="LinkListNav__Category-link"
      to="/category/b0715efe-ffaf-11e8-8eb2-f2801f1b9fd1"
    >
      <span
        className="LinkListNav__num-links"
      >
        2
      </span>
      Important
    </NavLink>
  </li>
  <li
    key="b07161a6-ffaf-11e8-8eb2-f2801f1b9fd1"
  >
    <NavLink
      activeClassName="active"
      aria-current="page"
      className="LinkListNav__category-link"
      to="/category/b07161a6-ffaf-11e8-8eb2-f2801f1b9fd1"
    >
      <span
        className="LinkListNav__num-links"
      >
        2
      </span>
      Super
    </NavLink>
  </li>
  <li
    key="b07162f0-ffaf-11e8-8eb2-f2801f1b9fd1"
  >
    <NavLink
      activeClassName="active"
      aria-current="page"
      className="LinkListNav__category-link"
      to="/category/b07162f0-ffaf-11e8-8eb2-f2801f1b9fd1"
    >
      <span
        className="LinkListNav__num-links"
      >
        0
      </span>
      Spangley
    </NavLink>
  </li>
</ul>
`;
