// Jest Snapshot v1, https://goo.gl/fbAQLP

exports[`LinkPageMain component renders a .LinkPageMain by default 1`] = `
<section
  className="LinkPageMain"
>
  <Link />
  <div
    className="LinkPageMain__content"
  >
    <p
      key="0"
    />
  </div>
</section>
`;

exports[`LinkPageMain component renders a Link with link prop 1`] = `
<Link
  id="cbc787a0-ffaf-11e8-8eb2-f2801f1b9fd1"
  modified="2019-01-03T00:00:00.000Z"
  name="Dogs"
/>
`;

exports[`LinkPageMain component splits the content by \\n or \\n\\r, with a p foreach 1`] = `null`;

exports[`LinkPageMain component splits the content by \\n or \\n\\r, with a p foreach 2`] = `null`;
